[kssh] Connecting to th2-revproxyp-fe1 (superuser@172.30.198.33:30)...

#####################################################################
#                                                                   #
# ~# Outremer Telecom #~                                            #
#                                                                   #
#      You are trying to login to an Outremer Telecom server.       #
# Authorized uses only. All activity may be monitored and recorded. #
#    Disconnect IMMEDIATELY if you are not an authorized user.      #
#                                                                   #
#####################################################################

# favicon.ico
location = /favicon.ico {
    log_not_found off;
    access_log    off;
}

# robots.txt
location = /robots.txt {
    log_not_found off;
    access_log    off;
}

# gzip
gzip            on;
gzip_vary       on;
gzip_proxied    any;
gzip_comp_level 6;
gzip_types      text/plain text/css text/xml application/json application/javascript application/rss+xml application/atom+xml image/svg+xml;