[kssh] Connecting to th2-revproxyp-fe1 (superuser@172.30.198.33:30)...

#####################################################################
#                                                                   #
# ~# Outremer Telecom #~                                            #
#                                                                   #
#      You are trying to login to an Outremer Telecom server.       #
# Authorized uses only. All activity may be monitored and recorded. #
#    Disconnect IMMEDIATELY if you are not an authorized user.      #
#                                                                   #
#####################################################################

=== Test HTTP on 172.30.198.50:9443 ===
  % Total    % Received % Xferd  Average Speed   Time    Time     Time  Current
                                 Dload  Upload   Total   Spent    Left  Speed
  0     0    0     0    0     0      0      0 --:--:-- --:--:-- --:--:--     0100    62    0    62    0     0  20666      0 --:--:-- --:--:-- --:--:-- 31000
HTTP/1.1 400 
Content-Type: text/plain;charset=UTF-8
Connection: close

Bad Request
This combination of host and port requires TLS.

=== Test HTTPS on 172.30.198.50:9443 ===
  % Total    % Received % Xferd  Average Speed   Time    Time     Time  Current
                                 Dload  Upload   Total   Spent    Left  Speed
  0     0    0     0    0     0      0      0 --:--:-- --:--:-- --:--:--     0100   431  100   431    0     0  20523      0 --:--:-- --:--:-- --:--:-- 20523
HTTP/1.1 404 
Content-Type: text/html;charset=utf-8
Content-Language: en
Content-Length: 431
Date: Thu, 10 Sep 2026 07:56:36 GMT

<!doctype html><html lang="en"><head><title>HTTP Status 404 – Not Found</title><style type="text/css">body {font-family:Tahoma,Arial,sans-serif;} h1, h2, h3, b {color:white;background-color:#525D76;} h1 {font-size:22px;} h2 {font-size:16px;} h3 {font-size:14px;} p {font-size:12px;} a {color:black;} .line {height:1px;background-color:#525D76;border:none;}</style></head><body><h1>HTTP Status 404 – Not Found</h1></body></html>