[kssh] Connecting to th2-revproxyp-fe1 (superuser@172.30.198.33:30)...

#####################################################################
#                                                                   #
# ~# Outremer Telecom #~                                            #
#                                                                   #
#      You are trying to login to an Outremer Telecom server.       #
# Authorized uses only. All activity may be monitored and recorded. #
#    Disconnect IMMEDIATELY if you are not an authorized user.      #
#                                                                   #
#####################################################################

    listen      172.30.198.33:80 reuseport;
    server_name extranetclient.outremer-telecom.fr;
    return      301 https://$host$request_uri;
}

#HTTPS redirect MAP
server {
    listen              172.30.198.33:9443 ssl http2 reuseport;
    server_name         map.extranetclient.outremer-telecom.fr extranetclient.outremer-telecom.fr;

    # SSL (même certificat Let's Encrypt que :443)
    ssl_certificate     /etc/letsencrypt/live/extranetclient.outremer-telecom.fr/fullchain.pem;
    ssl_certificate_key /etc/letsencrypt/live/extranetclient.outremer-telecom.fr/privkey.pem;

    # security
    include             nginxconfig.io/security.conf;

    # logging (nouveaux fichiers dédiés — pour ne pas polluer les logs du :443)
    access_log          /var/log/nginx/extranetclient.outremer-telecom.fr-9443-access.log;
    error_log           /var/log/nginx/extranetclient.outremer-telecom.fr-9443-error.log warn;

    # Redirection explicite racine → /centreon-map/
    location = / {
        return 301 /centreon-map/;
    }

    # reverse proxy vers Map (Tomcat HTTPS sur port 9443)
    location / {
        proxy_pass https://172.30.198.50:9443;
        proxy_ssl_verify off;
    }

    # additional config
    include nginxconfig.io/general.conf;
}
