[kssh] Connecting to th2-revproxyp-fe1 (superuser@172.30.198.33:30)...

#####################################################################
#                                                                   #
# ~# Outremer Telecom #~                                            #
#                                                                   #
#      You are trying to login to an Outremer Telecom server.       #
# Authorized uses only. All activity may be monitored and recorded. #
#    Disconnect IMMEDIATELY if you are not an authorized user.      #
#                                                                   #
#####################################################################

nginx: [warn] "ssl_stapling" ignored, no OCSP responder URL in the certificate "/etc/letsencrypt/live/extranetclient.outremer-telecom.fr/fullchain.pem"
nginx: [warn] "ssl_stapling" ignored, no OCSP responder URL in the certificate "/etc/letsencrypt/live/extranetclient.outremer-telecom.fr/fullchain.pem"
nginx: the configuration file /etc/nginx/nginx.conf syntax is ok
nginx: configuration file /etc/nginx/nginx.conf test is successful
=== Test curl to 109.62.64.18:9443 on reverse proxy ===
  % Total    % Received % Xferd  Average Speed   Time    Time     Time  Current
                                 Dload  Upload   Total   HTTP/2 401 
server: nginx
date: Thu, 10 Sep 2026 10:06:28 GMT
content-type: application/json;charset=ISO-8859-1
content-length: 80
vary: Origin
vary: Access-Control-Request-Method
vary: Access-Control-Request-Headers
x-content-type-options: nosniff
x-xss-protection: 0
cache-control: no-cache, no-store, max-age=0, must-revalidate
pragma: no-cache
Spent    Left  Speed
  0     0    0     0    0     0      0      0 --:--:-- --:--:-- --:--:--     0100    80  100    80    0     0   1509      0 --:--:-- --:--:-- --:--:--  1666
