[kssh] Connecting to th2-revproxyp-fe1 (superuser@172.30.198.33:30)...

#####################################################################
#                                                                   #
# ~# Outremer Telecom #~                                            #
#                                                                   #
#      You are trying to login to an Outremer Telecom server.       #
# Authorized uses only. All activity may be monitored and recorded. #
#    Disconnect IMMEDIATELY if you are not an authorized user.      #
#                                                                   #
#####################################################################

/etc/nginx/modsec/modsecurity.conf:243:SecAuditLogRelevantStatus "^(?:5|4(?!04))"
/etc/nginx/modsec/modsecurity.conf:246:SecAuditLogParts ABCEFHJKZ
/etc/nginx/modsec/modsecurity.conf:251:SecAuditLogType Serial
/etc/nginx/modsec/modsecurity.conf:252:SecAuditLog /var/log/modsec_audit.log
/etc/nginx/modsec/modsecurity.conf:255:#SecAuditLogStorageDir /opt/modsecurity/var/audit/
/etc/nginx/modsec/coreruleset-3.3.2/KNOWN_BUGS:32:  which causes the following error in the Apache ErrorLog or SecAuditLog:
/etc/nginx/modsec/coreruleset-3.3.2/crs-setup.conf.example:78:# the ModSecurity audit log (configured under SecAuditLog in modsecurity.conf).
/etc/nginx/modsec/coreruleset-3.3.2/util/honeypot-sensor/mlogc-honeypot-sensor.conf:40:# NOTE: This is required to be set in SecAuditLog mlogc config if you
/etc/nginx/modsec/coreruleset-3.3.2/util/honeypot-sensor/mlogc-honeypot-sensor.conf:41:# are going to use a secondary console via SecAuditLog2.
/etc/nginx/modsec/coreruleset-3.3.2/util/honeypot-sensor/modsecurity_crs_10_honeypot.conf:17:# - Make sure you main SecAuditLogType is set to concurrent mode.
/etc/nginx/modsec/coreruleset-3.3.2/util/honeypot-sensor/modsecurity_crs_10_honeypot.conf:29:SecAuditLog "|/usr/local/apache/bin/mlogc /usr/local/apache/conf/mlogc-honeypot-sensor.conf"
/etc/nginx/modsec/coreruleset-3.3.2/crs-setup.conf:78:# the ModSecurity audit log (configured under SecAuditLog in modsecurity.conf).
-rw-r----- 1 root root         0 Jul  3 00:00 /var/log/modsec_audit.log
-rw-r----- 1 root root 303319977 Sep 10 14:15 /var/log/modsec_audit.log.1
-rw-r----- 1 root root  22264758 Sep 25  2023 /var/log/modsec_audit.log.10.gz
-rw-r----- 1 root root   4607698 Mar 14  2023 /var/log/modsec_audit.log.11.gz
-rw-r----- 1 root root   4054433 Jan 18  2023 /var/log/modsec_audit.log.12.gz
-rw-r----- 1 root root   6738094 Nov 17  2022 /var/log/modsec_audit.log.13.gz
-rw-r----- 1 root root     34408 Sep 28  2022 /var/log/modsec_audit.log.14.gz
-rw-r----- 1 root root   2021842 Jul  2 06:36 /var/log/modsec_audit.log.2.gz
-rw-r----- 1 root root   5462251 Jun 19 06:36 /var/log/modsec_audit.log.3.gz
-rw-r----- 1 root root  16536766 May 19 06:27 /var/log/modsec_audit.log.4.gz
-rw-r----- 1 root root   6555650 Dec  5  2025 /var/log/modsec_audit.log.5.gz
-rw-r----- 1 root root   5060111 Jun 25  2025 /var/log/modsec_audit.log.6.gz
-rw-r----- 1 root root  13044640 Apr 24  2025 /var/log/modsec_audit.log.7.gz
-rw-r----- 1 root root  52248072 Mar 26  2025 /var/log/modsec_audit.log.8.gz
-rw-r----- 1 root root  18815002 Jan 31  2024 /var/log/modsec_audit.log.9.gz
