[kssh] Connecting to th2-revproxyp-fe1 (superuser@172.30.198.33:30)...

#####################################################################
#                                                                   #
# ~# Outremer Telecom #~                                            #
#                                                                   #
#      You are trying to login to an Outremer Telecom server.       #
# Authorized uses only. All activity may be monitored and recorded. #
#    Disconnect IMMEDIATELY if you are not an authorized user.      #
#                                                                   #
#####################################################################

=== 1. Test Port 443 (Centreon Web) ===
  % Total    % Received % Xferd  Average Speed   Time    Time     Time  Current
                                 Dload  Upload   Total   SpHTTP/2 301 
server: nginx
date: Thu, 10 Sep 2026 12:26:53 GMT
content-type: text/html
content-length: 162
location: https://extranetclient.outremer-telecom.fr/centreon/
x-xss-protection: 1; mode=block
x-content-type-options: nosniff
referrer-policy: no-referrer-when-downgrade
content-security-policy: default-src 'self' http: https: ws: wss: data: blob: 'unsafe-inline' 'unsafe-eval'; frame-ancestors 'self';

=== 2. Test Port 9443 (Centreon Map) ===
ent    Left  Speed
  0     0    0     0    0     0      0      0 --:--:-- --:--:-- --:--:--     0100   162  100   162    0     0  11571      0 --:--:-- --:--:-- --:--:-- 11571
  % Total    % Received % Xferd  Average Speed   Time    Time     Time  Current
                                 Dload  Upload   Total   Spent    Left  Speed
  0     0    0     0    0     0      0      0 --:--:-- --:--:-- --:--:--     0  0     0    0     0    0     0      0      0 --:--:-- --:--:-- --:--:--     0
curl: (7) Failed to connect to 127.0.0.1 port 9443: Connection refused
